✓ Lockfile passes supply-chain policies (verified 1d ago)
Lockfile is up to date, resolution step is skipped
Progress: resolved 1, reused 0, downloaded 0, added 0
Packages: +43
+++++++++++++++++++++++++++++++++++++++++++
Packages are cloned from the content-addressable store to the virtual store.
  Content-addressable store is at: /Users/boxcounter/Library/pnpm/store/v11
  Virtual store is at:             node_modules/.pnpm
Progress: resolved 43, reused 43, downloaded 0, added 43, done

dependencies:
+ @codemirror/lang-markdown 6.5.2
+ @codemirror/language 6.12.4
+ @codemirror/state 6.7.4
+ @codemirror/view 6.43.11
+ @lezer/markdown 1.7.2
+ @tauri-apps/api 2.11.1
+ js-yaml 4.3.2

devDependencies:
+ @tauri-apps/cli 2.11.4
+ @types/js-yaml 4.0.9
+ typescript 5.9.3
+ vite 8.2.2

Done in 394ms using pnpm v11.25.0
$ tsc --noEmit && vite build
vite v8.2.2 building client environment for production...
transforming...
✓ 39 modules transformed.
rendering chunks...
computing gzip size...
dist/index.html                   0.39 kB │ gzip:   0.26 kB
dist/assets/index-B2pJIzOF.css    9.23 kB │ gzip:   2.54 kB
dist/assets/index-W3WcQvk6.js   554.86 kB │ gzip: 192.55 kB

✓ built in 552ms
[plugin builtin:vite-reporter] 
(!) Some chunks are larger than 500 kB after minification. Consider:
- Using dynamic import() to code-split the application
- Use build.rolldownOptions.output.codeSplitting to improve chunking: https://rolldown.rs/reference/OutputOptions.codeSplitting
- Adjust chunk size limit for this warning via build.chunkSizeWarningLimit.
   Compiling proc-macro2 v1.0.107
   Compiling quote v1.0.47
   Compiling unicode-ident v1.0.24
   Compiling serde_core v1.0.229
   Compiling libc v0.2.189
   Compiling siphasher v1.0.3
   Compiling icu_normalizer_data v2.3.0
   Compiling icu_properties_data v2.3.0
   Compiling fastrand v2.5.0
   Compiling zmij v1.0.23
   Compiling phf_shared v0.13.1
   Compiling shlex v2.0.1
   Compiling stable_deref_trait v1.2.1
   Compiling find-msvc-tools v0.1.12
   Compiling cfg-if v1.0.4
   Compiling phf_generator v0.13.1
   Compiling memchr v2.8.3
   Compiling cc v1.4.5
   Compiling serde v1.0.229
   Compiling smallvec v1.16.0
   Compiling itoa v1.0.18
   Compiling thiserror v2.0.20
   Compiling typeid v1.0.3
   Compiling time-core v0.1.9
   Compiling num-conv v0.2.2
   Compiling phf_codegen v0.13.1
   Compiling litemap v0.8.3
   Compiling strsim v0.11.1
   Compiling serde_json v1.0.151
   Compiling thiserror v1.0.69
   Compiling ident_case v1.0.1
   Compiling writeable v0.6.4
   Compiling erased-serde v0.4.10
   Compiling parking_lot_core v0.9.12
   Compiling utf8_iter v1.0.4
   Compiling objc2-exception-helper v0.1.1
   Compiling syn v2.0.119
   Compiling syn v3.0.4
   Compiling new_debug_unreachable v1.0.6
   Compiling anyhow v1.0.104
   Compiling synstructure v0.13.2
   Compiling darling_core v0.23.0
   Compiling bitflags v2.13.1
   Compiling version_check v0.9.5
   Compiling objc2 v0.6.4
   Compiling scopeguard v1.2.0
   Compiling lock_api v0.4.14
   Compiling string_cache_codegen v0.6.1
   Compiling getrandom v0.4.3
   Compiling zerofrom-derive v0.1.7
   Compiling yoke-derive v0.8.2
   Compiling phf_macros v0.13.1
   Compiling zerovec-derive v0.11.6
   Compiling serde_derive v1.0.229
   Compiling displaydoc v0.2.7
   Compiling thiserror-impl v2.0.20
   Compiling thiserror-impl v1.0.69
   Compiling zerofrom v0.1.8
   Compiling phf v0.13.1
   Compiling objc2-encode v4.1.0
   Compiling darling_macro v0.23.0
   Compiling darling v0.23.0
   Compiling precomputed-hash v0.1.1
   Compiling winnow v1.0.4
   Compiling parking_lot v0.12.5
   Compiling web_atoms v0.2.6
   Compiling toml_parser v1.1.3+spec-1.1.0
   Compiling serde_spanned v1.1.1
   Compiling ctor-proc-macro v0.0.7
   Compiling toml_writer v1.1.2+spec-1.1.0
   Compiling string_cache v0.9.0
   Compiling semver v1.0.28
   Compiling percent-encoding v2.3.2
   Compiling dtoa v1.0.11
   Compiling crc32fast v1.5.1
   Compiling autocfg v1.5.1
   Compiling log v0.4.34
   Compiling dtoa-short v0.3.5
   Compiling form_urlencoded v1.2.2
   Compiling indexmap v1.9.3
   Compiling yoke v0.8.3
   Compiling cssparser-macros v0.6.1
   Compiling derive_more-impl v2.1.1
   Compiling tendril v0.5.1
   Compiling toml_datetime v1.1.1+spec-1.1.0
   Compiling selectors v0.36.1
   Compiling aho-corasick v1.1.5
   Compiling unic-common v0.9.0
   Compiling alloc-no-stdlib v2.0.4
   Compiling byteorder v1.5.0
   Compiling regex-syntax v0.8.11
   Compiling serde_with_macros v3.22.0
   Compiling unic-char-range v0.9.0
   Compiling camino v1.2.5
   Compiling unic-char-property v0.9.0
   Compiling alloc-stdlib v0.2.4
   Compiling uuid v1.26.0
   Compiling unic-ucd-version v0.9.0
   Compiling regex-automata v0.4.18
   Compiling derive_more v2.1.1
   Compiling objc2-core-foundation v0.3.2
   Compiling markup5ever v0.38.0
   Compiling block2 v0.6.2
   Compiling cssparser v0.36.0
   Compiling toml v1.1.5+spec-1.1.0
   Compiling swift-rs v1.0.8
   Compiling serde_derive_internals v0.29.1
   Compiling zerovec v0.11.8
   Compiling zerotrie v0.2.5
   Compiling servo_arc v0.4.3
   Compiling hashbrown v0.12.3
   Compiling bit-vec v0.8.0
   Compiling powerfmt v0.2.0
   Compiling hashbrown v0.17.1
   Compiling equivalent v1.0.2
   Compiling deranged v0.5.8
   Compiling schemars v0.8.22
   Compiling rustc-hash v2.1.3
   Compiling fnv v1.0.7
   Compiling time v0.3.55
   Compiling cfb v0.7.3
   Compiling indexmap v2.14.1
   Compiling bit-set v0.8.0
   Compiling schemars_derive v0.8.22
   Compiling cargo-platform v0.1.9
   Compiling jsonptr v0.6.3
   Compiling tinystr v0.8.4
   Compiling potential_utf v0.1.6
   Compiling icu_collections v2.3.0
   Compiling icu_locale_core v2.3.0
   Compiling objc2-foundation v0.3.2
   Compiling html5ever v0.38.0
   Compiling regex v1.13.1
   Compiling unic-ucd-ident v0.9.0
   Compiling brotli-decompressor v5.0.3
   Compiling icu_provider v2.3.1
   Compiling icu_properties v2.3.0
   Compiling icu_normalizer v2.3.0
   Compiling quick-xml v0.41.0
   Compiling foldhash v0.2.0
   Compiling idna_adapter v1.2.2
   Compiling dunce v1.0.5
   Compiling idna v1.1.0
   Compiling bytes v1.12.1
   Compiling same-file v1.0.6
   Compiling base64 v0.22.1
   Compiling url v2.5.8
   Compiling base64 v0.21.7
   Compiling dyn-clone v1.0.20
   Compiling http v1.5.0
   Compiling plist v1.10.0
   Compiling walkdir v2.5.0
   Compiling dom_query v0.27.0
   Compiling brotli v8.0.4
   Compiling urlpattern v0.3.0
   Compiling serde-untagged v0.1.9
   Compiling infer v0.19.0
   Compiling serde_with v3.22.0
   Compiling ctor v0.8.0
   Compiling generic-array v0.14.7
   Compiling simd-adler32 v0.3.10
   Compiling glob v0.3.4
   Compiling objc2-app-kit v0.3.2
   Compiling json-patch v3.0.1
   Compiling rustc_version v0.4.1
   Compiling toml_datetime v0.7.5+spec-1.1.0
   Compiling cargo_metadata v0.19.2
   Compiling time-macros v0.2.32
   Compiling typenum v1.20.1
   Compiling option-ext v0.2.0
   Compiling winnow v0.7.15
   Compiling adler2 v2.0.1
   Compiling dirs-sys v0.5.0
   Compiling embed-resource v3.0.11
   Compiling raw-window-handle v0.6.2
   Compiling heck v0.5.0
   Compiling crossbeam-utils v0.8.22
   Compiling toml v0.9.12+spec-1.1.0
   Compiling cargo_toml v0.22.3
   Compiling tauri-winres v0.3.6
   Compiling dirs v6.0.0
   Compiling tauri-utils v2.9.3
   Compiling miniz_oxide v0.9.1
   Compiling dpi v0.1.2
   Compiling cookie v0.18.2
   Compiling core-foundation-sys v0.8.7
   Compiling core-foundation v0.10.1
   Compiling flate2 v1.1.10
   Compiling crypto-common v0.1.7
   Compiling block-buffer v0.10.4
   Compiling miniz_oxide v0.8.9
   Compiling fdeflate v0.3.7
   Compiling foreign-types-macros v0.2.4
   Compiling foreign-types-shared v0.3.1
   Compiling once_cell v1.21.4
   Compiling bitflags v1.3.2
   Compiling foreign-types v0.5.0
   Compiling png v0.17.16
   Compiling digest v0.10.7
   Compiling core-graphics-types v0.2.0
   Compiling crossbeam-channel v0.5.16
   Compiling objc2-web-kit v0.3.2
   Compiling dispatch2 v0.3.1
   Compiling cpufeatures v0.2.17
   Compiling tauri-runtime v2.11.3
   Compiling wry v0.55.1
   Compiling sha2 v0.10.9
   Compiling core-graphics v0.25.0
   Compiling ico v0.5.0
   Compiling unicode-segmentation v1.13.3
   Compiling getrandom v0.3.4
   Compiling tauri-runtime-wry v2.11.4
   Compiling keyboard-types v0.7.0
   Compiling png v0.18.1
   Compiling tao v0.35.3
   Compiling serialize-to-javascript-impl v0.1.2
   Compiling rfd v0.17.2
   Compiling pin-project-lite v0.2.17
   Compiling termcolor v1.4.1
   Compiling serialize-to-javascript v0.1.2
   Compiling ts-rs-macros v11.1.0
   Compiling muda v0.19.3
   Compiling tokio v1.53.1
   Compiling tauri-build v2.6.3
   Compiling tauri-codegen v2.6.3
   Compiling window-vibrancy v0.6.0
   Compiling fsevent-sys v4.1.0
   Compiling serde_repr v0.1.21
   Compiling notify-types v2.1.0
   Compiling embed_plist v1.2.2
   Compiling mime v0.3.17
   Compiling ts-rs v11.1.0
   Compiling notify v8.2.0
   Compiling tauri v2.11.5
   Compiling lumir v0.0.0 (<worktree>/tests/visual/runtime/m65-abba/A/src-tauri)
   Compiling tauri-macros v2.6.3
    Finished `release` profile [optimized] target(s) in 1m 09s
